[2026-07-26T21:15:55.725Z] [ERROR] Uncaught error | Uncaught TypeError: prices.slice is not a function | http://localhost:1420/src/pages/OverviewPage.tsx:244
[2026-07-26T21:18:30.067Z] [ERROR] Uncaught error | Uncaught TypeError: prices.slice is not a function | http://localhost:1420/src/pages/OverviewPage.tsx:244
[2026-07-26T21:19:44.931Z] [ERROR] React crash | prices.slice is not a function | Stack: TypeError: prices.slice is not a function
    at http://localhost:1420/src/pages/OverviewPage.tsx:244:18
    at updateMemo (http://localhost:1420/node_modules/.vite/deps/react-dom_client.js?v=6b77db38:6545:21)
    at Object.useMemo (http://localhost:1420/node_modules/.vite/deps/react-dom_client.js?v=6b77db38:18969:20)
    at exports.useMemo (http://localhost:1420/node_modules/.vite/deps/chunk-TAJOU4CS.js?v=6b77db38:947:36)
    at OverviewPage (http://localhost:1420/src/pages/OverviewPage.tsx:243:19)
    at Object.react_stack_bottom_frame (http://localhost:1420/node_modules/.vite/deps/react-dom_client.js?v=6b77db38:18509:20)
    at renderWithHooks (http://localhost:1420/node_modules/.vite/deps/react-dom_client.js?v=6b77db38:5654:24)
    at updateFunctionComponent (http://localhost:1420/node_modules/.vite/deps/react-dom_client.js?v=6b77db38:7475:21)
    at beginWork (http://localhost:1420/node_modules/.vite/deps/react-dom_client.js?v=6b77db38:8525:20)
    at runWithFiberInDEV (http://localhost:1420/node_modules/.vite/deps/react-dom_client.js?v=6b77db38:997:72) | ComponentStack: 
    at OverviewPage (http://localhost:1420/src/pages/OverviewPage.tsx:74:31)
    at main (<anonymous>)
    at div (<anonymous>)
    at div (<anonymous>)
    at Layout (http://localhost:1420/src/components/layout/Layout.tsx:117:26)
    at AppContent (http://localhost:1420/src/App.tsx:42:29)
    at ThemeProvider (http://localhost:1420/src/theme/ThemeContext.tsx:25:33)
    at ErrorBoundary (http://localhost:1420/src/components/ErrorBoundary.tsx:8:5)
    at App (<anonymous>)
[2026-07-26T21:33:43.375Z] [ERROR] React crash | Cannot read properties of undefined (reading 'map') | Stack: TypeError: Cannot read properties of undefined (reading 'map')
    at http://localhost:1420/src/pages/OverviewPage.tsx:209:29
    at updateMemo (http://localhost:1420/node_modules/.vite/deps/react-dom_client.js?v=6b77db38:6545:21)
    at Object.useMemo (http://localhost:1420/node_modules/.vite/deps/react-dom_client.js?v=6b77db38:18969:20)
    at exports.useMemo (http://localhost:1420/node_modules/.vite/deps/chunk-TAJOU4CS.js?v=6b77db38:947:36)
    at OverviewPage (http://localhost:1420/src/pages/OverviewPage.tsx:207:24)
    at Object.react_stack_bottom_frame (http://localhost:1420/node_modules/.vite/deps/react-dom_client.js?v=6b77db38:18509:20)
    at renderWithHooks (http://localhost:1420/node_modules/.vite/deps/react-dom_client.js?v=6b77db38:5654:24)
    at updateFunctionComponent (http://localhost:1420/node_modules/.vite/deps/react-dom_client.js?v=6b77db38:7475:21)
    at beginWork (http://localhost:1420/node_modules/.vite/deps/react-dom_client.js?v=6b77db38:8525:20)
    at runWithFiberInDEV (http://localhost:1420/node_modules/.vite/deps/react-dom_client.js?v=6b77db38:997:72) | ComponentStack: 
    at OverviewPage (http://localhost:1420/src/pages/OverviewPage.tsx:74:31)
    at main (<anonymous>)
    at div (<anonymous>)
    at div (<anonymous>)
    at Layout (http://localhost:1420/src/components/layout/Layout.tsx:117:26)
    at AppContent (http://localhost:1420/src/App.tsx:42:29)
    at ThemeProvider (http://localhost:1420/src/theme/ThemeContext.tsx:25:33)
    at ErrorBoundary (http://localhost:1420/src/components/ErrorBoundary.tsx:8:5)
    at App (<anonymous>)
[2026-07-26T22:17:41.545Z] [ERROR] React crash | login is not defined | Stack: ReferenceError: login is not defined
    at AppContent (http://localhost:1420/src/App.tsx?t=1785104261251:56:59)
    at Object.react_stack_bottom_frame (http://localhost:1420/node_modules/.vite/deps/react-dom_client.js?v=6b77db38:18509:20)
    at renderWithHooks (http://localhost:1420/node_modules/.vite/deps/react-dom_client.js?v=6b77db38:5654:24)
    at updateFunctionComponent (http://localhost:1420/node_modules/.vite/deps/react-dom_client.js?v=6b77db38:7475:21)
    at beginWork (http://localhost:1420/node_modules/.vite/deps/react-dom_client.js?v=6b77db38:8525:20)
    at runWithFiberInDEV (http://localhost:1420/node_modules/.vite/deps/react-dom_client.js?v=6b77db38:997:72)
    at performUnitOfWork (http://localhost:1420/node_modules/.vite/deps/react-dom_client.js?v=6b77db38:12561:98)
    at workLoopSync (http://localhost:1420/node_modules/.vite/deps/react-dom_client.js?v=6b77db38:12424:43)
    at renderRootSync (http://localhost:1420/node_modules/.vite/deps/react-dom_client.js?v=6b77db38:12408:13)
    at performWorkOnRoot (http://localhost:1420/node_modules/.vite/deps/react-dom_client.js?v=6b77db38:11827:37) | ComponentStack: 
    at AppContent (http://localhost:1420/src/App.tsx?t=1785104261251:42:29)
    at ThemeProvider (http://localhost:1420/src/theme/ThemeContext.tsx:25:33)
    at ErrorBoundary (http://localhost:1420/src/components/ErrorBoundary.tsx:8:5)
    at App (<anonymous>)
[2026-07-26T22:18:11.315Z] [ERROR] React crash | login is not defined | Stack: ReferenceError: login is not defined
    at AppContent (http://localhost:1420/src/App.tsx?t=1785104261251:56:59)
    at Object.react_stack_bottom_frame (http://localhost:1420/node_modules/.vite/deps/react-dom_client.js?v=6b77db38:18509:20)
    at renderWithHooks (http://localhost:1420/node_modules/.vite/deps/react-dom_client.js?v=6b77db38:5654:24)
    at updateFunctionComponent (http://localhost:1420/node_modules/.vite/deps/react-dom_client.js?v=6b77db38:7475:21)
    at beginWork (http://localhost:1420/node_modules/.vite/deps/react-dom_client.js?v=6b77db38:8525:20)
    at runWithFiberInDEV (http://localhost:1420/node_modules/.vite/deps/react-dom_client.js?v=6b77db38:997:72)
    at performUnitOfWork (http://localhost:1420/node_modules/.vite/deps/react-dom_client.js?v=6b77db38:12561:98)
    at workLoopSync (http://localhost:1420/node_modules/.vite/deps/react-dom_client.js?v=6b77db38:12424:43)
    at renderRootSync (http://localhost:1420/node_modules/.vite/deps/react-dom_client.js?v=6b77db38:12408:13)
    at performWorkOnRoot (http://localhost:1420/node_modules/.vite/deps/react-dom_client.js?v=6b77db38:11827:37) | ComponentStack: 
    at AppContent (http://localhost:1420/src/App.tsx?t=1785104261251:42:29)
    at ThemeProvider (http://localhost:1420/src/theme/ThemeContext.tsx:25:33)
    at ErrorBoundary (http://localhost:1420/src/components/ErrorBoundary.tsx:8:5)
    at App (<anonymous>)
[2026-07-26T22:18:11.995Z] [ERROR] React crash | login is not defined | Stack: ReferenceError: login is not defined
    at AppContent (http://localhost:1420/src/App.tsx?t=1785104261251:56:59)
    at Object.react_stack_bottom_frame (http://localhost:1420/node_modules/.vite/deps/react-dom_client.js?v=6b77db38:18509:20)
    at renderWithHooks (http://localhost:1420/node_modules/.vite/deps/react-dom_client.js?v=6b77db38:5654:24)
    at updateFunctionComponent (http://localhost:1420/node_modules/.vite/deps/react-dom_client.js?v=6b77db38:7475:21)
    at beginWork (http://localhost:1420/node_modules/.vite/deps/react-dom_client.js?v=6b77db38:8525:20)
    at runWithFiberInDEV (http://localhost:1420/node_modules/.vite/deps/react-dom_client.js?v=6b77db38:997:72)
    at performUnitOfWork (http://localhost:1420/node_modules/.vite/deps/react-dom_client.js?v=6b77db38:12561:98)
    at workLoopSync (http://localhost:1420/node_modules/.vite/deps/react-dom_client.js?v=6b77db38:12424:43)
    at renderRootSync (http://localhost:1420/node_modules/.vite/deps/react-dom_client.js?v=6b77db38:12408:13)
    at performWorkOnRoot (http://localhost:1420/node_modules/.vite/deps/react-dom_client.js?v=6b77db38:11827:37) | ComponentStack: 
    at AppContent (http://localhost:1420/src/App.tsx?t=1785104261251:42:29)
    at ThemeProvider (http://localhost:1420/src/theme/ThemeContext.tsx:25:33)
    at ErrorBoundary (http://localhost:1420/src/components/ErrorBoundary.tsx:8:5)
    at App (<anonymous>)
[2026-07-26T22:18:12.207Z] [ERROR] React crash | login is not defined | Stack: ReferenceError: login is not defined
    at AppContent (http://localhost:1420/src/App.tsx?t=1785104261251:56:59)
    at Object.react_stack_bottom_frame (http://localhost:1420/node_modules/.vite/deps/react-dom_client.js?v=6b77db38:18509:20)
    at renderWithHooks (http://localhost:1420/node_modules/.vite/deps/react-dom_client.js?v=6b77db38:5654:24)
    at updateFunctionComponent (http://localhost:1420/node_modules/.vite/deps/react-dom_client.js?v=6b77db38:7475:21)
    at beginWork (http://localhost:1420/node_modules/.vite/deps/react-dom_client.js?v=6b77db38:8525:20)
    at runWithFiberInDEV (http://localhost:1420/node_modules/.vite/deps/react-dom_client.js?v=6b77db38:997:72)
    at performUnitOfWork (http://localhost:1420/node_modules/.vite/deps/react-dom_client.js?v=6b77db38:12561:98)
    at workLoopSync (http://localhost:1420/node_modules/.vite/deps/react-dom_client.js?v=6b77db38:12424:43)
    at renderRootSync (http://localhost:1420/node_modules/.vite/deps/react-dom_client.js?v=6b77db38:12408:13)
    at performWorkOnRoot (http://localhost:1420/node_modules/.vite/deps/react-dom_client.js?v=6b77db38:11827:37) | ComponentStack: 
    at AppContent (http://localhost:1420/src/App.tsx?t=1785104261251:42:29)
    at ThemeProvider (http://localhost:1420/src/theme/ThemeContext.tsx:25:33)
    at ErrorBoundary (http://localhost:1420/src/components/ErrorBoundary.tsx:8:5)
    at App (<anonymous>)
[2026-07-26T22:19:05.411Z] [ERROR] React crash | Cannot read properties of undefined (reading 'map') | Stack: TypeError: Cannot read properties of undefined (reading 'map')
    at http://localhost:1420/src/pages/OverviewPage.tsx:211:29
    at updateMemo (http://localhost:1420/node_modules/.vite/deps/react-dom_client.js?v=6b77db38:6545:21)
    at Object.useMemo (http://localhost:1420/node_modules/.vite/deps/react-dom_client.js?v=6b77db38:18969:20)
    at exports.useMemo (http://localhost:1420/node_modules/.vite/deps/chunk-TAJOU4CS.js?v=6b77db38:947:36)
    at OverviewPage (http://localhost:1420/src/pages/OverviewPage.tsx:209:24)
    at Object.react_stack_bottom_frame (http://localhost:1420/node_modules/.vite/deps/react-dom_client.js?v=6b77db38:18509:20)
    at renderWithHooks (http://localhost:1420/node_modules/.vite/deps/react-dom_client.js?v=6b77db38:5654:24)
    at updateFunctionComponent (http://localhost:1420/node_modules/.vite/deps/react-dom_client.js?v=6b77db38:7475:21)
    at beginWork (http://localhost:1420/node_modules/.vite/deps/react-dom_client.js?v=6b77db38:8525:20)
    at runWithFiberInDEV (http://localhost:1420/node_modules/.vite/deps/react-dom_client.js?v=6b77db38:997:72) | ComponentStack: 
    at OverviewPage (http://localhost:1420/src/pages/OverviewPage.tsx:74:31)
    at main (<anonymous>)
    at div (<anonymous>)
    at div (<anonymous>)
    at Layout (http://localhost:1420/src/components/layout/Layout.tsx:117:26)
    at AppContent (http://localhost:1420/src/App.tsx:42:46)
    at ThemeProvider (http://localhost:1420/src/theme/ThemeContext.tsx:25:33)
    at ErrorBoundary (http://localhost:1420/src/components/ErrorBoundary.tsx:8:5)
    at App (<anonymous>)
[2026-07-26T22:23:14.634Z] [ERROR] React crash | Cannot read properties of undefined (reading 'map') | Stack: TypeError: Cannot read properties of undefined (reading 'map')
    at http://localhost:1420/src/pages/OverviewPage.tsx:212:29
    at updateMemo (http://localhost:1420/node_modules/.vite/deps/react-dom_client.js?v=6b77db38:6545:21)
    at Object.useMemo (http://localhost:1420/node_modules/.vite/deps/react-dom_client.js?v=6b77db38:18969:20)
    at exports.useMemo (http://localhost:1420/node_modules/.vite/deps/chunk-TAJOU4CS.js?v=6b77db38:947:36)
    at OverviewPage (http://localhost:1420/src/pages/OverviewPage.tsx:210:24)
    at Object.react_stack_bottom_frame (http://localhost:1420/node_modules/.vite/deps/react-dom_client.js?v=6b77db38:18509:20)
    at renderWithHooks (http://localhost:1420/node_modules/.vite/deps/react-dom_client.js?v=6b77db38:5654:24)
    at updateFunctionComponent (http://localhost:1420/node_modules/.vite/deps/react-dom_client.js?v=6b77db38:7475:21)
    at beginWork (http://localhost:1420/node_modules/.vite/deps/react-dom_client.js?v=6b77db38:8525:20)
    at runWithFiberInDEV (http://localhost:1420/node_modules/.vite/deps/react-dom_client.js?v=6b77db38:997:72) | ComponentStack: 
    at OverviewPage (http://localhost:1420/src/pages/OverviewPage.tsx:74:31)
    at main (<anonymous>)
    at div (<anonymous>)
    at div (<anonymous>)
    at Layout (http://localhost:1420/src/components/layout/Layout.tsx:117:26)
    at AppContent (http://localhost:1420/src/App.tsx:42:46)
    at ThemeProvider (http://localhost:1420/src/theme/ThemeContext.tsx:25:33)
    at ErrorBoundary (http://localhost:1420/src/components/ErrorBoundary.tsx:8:5)
    at App (<anonymous>)
[2026-07-26T22:24:21.782Z] [ERROR] React crash | Cannot read properties of undefined (reading 'map') | Stack: TypeError: Cannot read properties of undefined (reading 'map')
    at http://localhost:1420/src/pages/OverviewPage.tsx:212:29
    at updateMemo (http://localhost:1420/node_modules/.vite/deps/react-dom_client.js?v=8adb8d5a:6545:21)
    at Object.useMemo (http://localhost:1420/node_modules/.vite/deps/react-dom_client.js?v=8adb8d5a:18969:20)
    at exports.useMemo (http://localhost:1420/node_modules/.vite/deps/chunk-TAJOU4CS.js?v=fdf90932:947:36)
    at OverviewPage (http://localhost:1420/src/pages/OverviewPage.tsx:210:24)
    at Object.react_stack_bottom_frame (http://localhost:1420/node_modules/.vite/deps/react-dom_client.js?v=8adb8d5a:18509:20)
    at renderWithHooks (http://localhost:1420/node_modules/.vite/deps/react-dom_client.js?v=8adb8d5a:5654:24)
    at updateFunctionComponent (http://localhost:1420/node_modules/.vite/deps/react-dom_client.js?v=8adb8d5a:7475:21)
    at beginWork (http://localhost:1420/node_modules/.vite/deps/react-dom_client.js?v=8adb8d5a:8525:20)
    at runWithFiberInDEV (http://localhost:1420/node_modules/.vite/deps/react-dom_client.js?v=8adb8d5a:997:72) | ComponentStack: 
    at OverviewPage (http://localhost:1420/src/pages/OverviewPage.tsx:74:31)
    at main (<anonymous>)
    at div (<anonymous>)
    at div (<anonymous>)
    at Layout (http://localhost:1420/src/components/layout/Layout.tsx:117:26)
    at AppContent (http://localhost:1420/src/App.tsx:42:46)
    at ThemeProvider (http://localhost:1420/src/theme/ThemeContext.tsx:25:33)
    at ErrorBoundary (http://localhost:1420/src/components/ErrorBoundary.tsx:8:5)
    at App (<anonymous>)
[2026-07-26T22:27:26.226Z] [ERROR] React crash | livePrices.map is not a function | Stack: TypeError: livePrices.map is not a function
    at MarketPage (http://localhost:1420/src/pages/MarketPage.tsx:397:31)
    at Object.react_stack_bottom_frame (http://localhost:1420/node_modules/.vite/deps/react-dom_client.js?v=ace64320:18509:20)
    at renderWithHooks (http://localhost:1420/node_modules/.vite/deps/react-dom_client.js?v=ace64320:5654:24)
    at updateFunctionComponent (http://localhost:1420/node_modules/.vite/deps/react-dom_client.js?v=ace64320:7475:21)
    at beginWork (http://localhost:1420/node_modules/.vite/deps/react-dom_client.js?v=ace64320:8525:20)
    at runWithFiberInDEV (http://localhost:1420/node_modules/.vite/deps/react-dom_client.js?v=ace64320:997:72)
    at performUnitOfWork (http://localhost:1420/node_modules/.vite/deps/react-dom_client.js?v=ace64320:12561:98)
    at workLoopSync (http://localhost:1420/node_modules/.vite/deps/react-dom_client.js?v=ace64320:12424:43)
    at renderRootSync (http://localhost:1420/node_modules/.vite/deps/react-dom_client.js?v=ace64320:12408:13)
    at performWorkOnRoot (http://localhost:1420/node_modules/.vite/deps/react-dom_client.js?v=ace64320:11827:37) | ComponentStack: 
    at MarketPage (http://localhost:1420/src/pages/MarketPage.tsx:28:31)
    at main (<anonymous>)
    at div (<anonymous>)
    at div (<anonymous>)
    at Layout (http://localhost:1420/src/components/layout/Layout.tsx:117:26)
    at AppContent (http://localhost:1420/src/App.tsx:42:46)
    at ThemeProvider (http://localhost:1420/src/theme/ThemeContext.tsx:25:33)
    at ErrorBoundary (http://localhost:1420/src/components/ErrorBoundary.tsx:8:5)
    at App (<anonymous>)
[2026-07-26T22:52:43.785Z] [ERROR] React crash | useAuthContext must be used within AuthProvider | Stack: Error: useAuthContext must be used within AuthProvider
    at useAuthContext (http://localhost:1420/src/context/AuthContext.tsx:37:19)
    at AppContent (http://localhost:1420/src/App.tsx?t=1785106245473:42:46)
    at Object.react_stack_bottom_frame (http://localhost:1420/node_modules/.vite/deps/react-dom_client.js?v=6b77db38:18509:20)
    at renderWithHooks (http://localhost:1420/node_modules/.vite/deps/react-dom_client.js?v=6b77db38:5654:24)
    at updateFunctionComponent (http://localhost:1420/node_modules/.vite/deps/react-dom_client.js?v=6b77db38:7475:21)
    at beginWork (http://localhost:1420/node_modules/.vite/deps/react-dom_client.js?v=6b77db38:8525:20)
    at runWithFiberInDEV (http://localhost:1420/node_modules/.vite/deps/react-dom_client.js?v=6b77db38:997:72)
    at performUnitOfWork (http://localhost:1420/node_modules/.vite/deps/react-dom_client.js?v=6b77db38:12561:98)
    at workLoopSync (http://localhost:1420/node_modules/.vite/deps/react-dom_client.js?v=6b77db38:12424:43)
    at renderRootSync (http://localhost:1420/node_modules/.vite/deps/react-dom_client.js?v=6b77db38:12408:13) | ComponentStack: 
    at AppContent (http://localhost:1420/src/App.tsx?t=1785106245473:42:46)
    at AuthProvider (http://localhost:1420/src/context/AuthContext.tsx?t=1785106363525:21:32)
    at ThemeProvider (http://localhost:1420/src/theme/ThemeContext.tsx:25:33)
    at ErrorBoundary (http://localhost:1420/src/components/ErrorBoundary.tsx:8:5)
    at App (<anonymous>)
[2026-07-26T22:53:01.277Z] [ERROR] React crash | useAuthContext must be used within AuthProvider | Stack: Error: useAuthContext must be used within AuthProvider
    at useAuthContext (http://localhost:1420/src/context/AuthContext.tsx?t=1785106363525:37:19)
    at AppContent (http://localhost:1420/src/App.tsx?t=1785106363525:42:46)
    at Object.react_stack_bottom_frame (http://localhost:1420/node_modules/.vite/deps/react-dom_client.js?v=6b77db38:18509:20)
    at renderWithHooks (http://localhost:1420/node_modules/.vite/deps/react-dom_client.js?v=6b77db38:5654:24)
    at updateFunctionComponent (http://localhost:1420/node_modules/.vite/deps/react-dom_client.js?v=6b77db38:7475:21)
    at beginWork (http://localhost:1420/node_modules/.vite/deps/react-dom_client.js?v=6b77db38:8525:20)
    at runWithFiberInDEV (http://localhost:1420/node_modules/.vite/deps/react-dom_client.js?v=6b77db38:997:72)
    at performUnitOfWork (http://localhost:1420/node_modules/.vite/deps/react-dom_client.js?v=6b77db38:12561:98)
    at workLoopSync (http://localhost:1420/node_modules/.vite/deps/react-dom_client.js?v=6b77db38:12424:43)
    at renderRootSync (http://localhost:1420/node_modules/.vite/deps/react-dom_client.js?v=6b77db38:12408:13) | ComponentStack: 
    at AppContent (http://localhost:1420/src/App.tsx?t=1785106363525:42:46)
    at AuthProvider (http://localhost:1420/src/context/AuthContext.tsx?t=1785106380978:21:32)
    at ThemeProvider (http://localhost:1420/src/theme/ThemeContext.tsx:25:33)
    at ErrorBoundary (http://localhost:1420/src/components/ErrorBoundary.tsx:8:5)
    at App (<anonymous>)
[2026-07-26T22:55:43.065Z] [ERROR] React crash | useAuthContext must be used within AuthProvider | Stack: Error: useAuthContext must be used within AuthProvider
    at useAuthContext (http://localhost:1420/src/context/AuthContext.tsx:37:19)
    at AppContent (http://localhost:1420/src/App.tsx:42:46)
    at Object.react_stack_bottom_frame (http://localhost:1420/node_modules/.vite/deps/react-dom_client.js?v=6b77db38:18509:20)
    at renderWithHooks (http://localhost:1420/node_modules/.vite/deps/react-dom_client.js?v=6b77db38:5654:24)
    at updateFunctionComponent (http://localhost:1420/node_modules/.vite/deps/react-dom_client.js?v=6b77db38:7475:21)
    at beginWork (http://localhost:1420/node_modules/.vite/deps/react-dom_client.js?v=6b77db38:8525:20)
    at runWithFiberInDEV (http://localhost:1420/node_modules/.vite/deps/react-dom_client.js?v=6b77db38:997:72)
    at performUnitOfWork (http://localhost:1420/node_modules/.vite/deps/react-dom_client.js?v=6b77db38:12561:98)
    at workLoopSync (http://localhost:1420/node_modules/.vite/deps/react-dom_client.js?v=6b77db38:12424:43)
    at renderRootSync (http://localhost:1420/node_modules/.vite/deps/react-dom_client.js?v=6b77db38:12408:13) | ComponentStack: 
    at AppContent (http://localhost:1420/src/App.tsx:42:46)
    at AuthProvider (http://localhost:1420/src/context/AuthContext.tsx?t=1785106542721:21:32)
    at ThemeProvider (http://localhost:1420/src/theme/ThemeContext.tsx:25:33)
    at ErrorBoundary (http://localhost:1420/src/components/ErrorBoundary.tsx:8:5)
    at App (<anonymous>)
[2026-07-26T23:03:44.540Z] [ERROR] React crash | Cannot access 'openPositions' before initialization | Stack: ReferenceError: Cannot access 'openPositions' before initialization
    at OverviewPage (http://localhost:1420/src/pages/OverviewPage.tsx?t=1785107024075:222:25)
    at Object.react_stack_bottom_frame (http://localhost:1420/node_modules/.vite/deps/react-dom_client.js?v=6b77db38:18509:20)
    at renderWithHooks (http://localhost:1420/node_modules/.vite/deps/react-dom_client.js?v=6b77db38:5654:24)
    at updateFunctionComponent (http://localhost:1420/node_modules/.vite/deps/react-dom_client.js?v=6b77db38:7475:21)
    at beginWork (http://localhost:1420/node_modules/.vite/deps/react-dom_client.js?v=6b77db38:8525:20)
    at runWithFiberInDEV (http://localhost:1420/node_modules/.vite/deps/react-dom_client.js?v=6b77db38:997:72)
    at performUnitOfWork (http://localhost:1420/node_modules/.vite/deps/react-dom_client.js?v=6b77db38:12561:98)
    at workLoopSync (http://localhost:1420/node_modules/.vite/deps/react-dom_client.js?v=6b77db38:12424:43)
    at renderRootSync (http://localhost:1420/node_modules/.vite/deps/react-dom_client.js?v=6b77db38:12408:13)
    at performWorkOnRoot (http://localhost:1420/node_modules/.vite/deps/react-dom_client.js?v=6b77db38:11827:37) | ComponentStack: 
    at OverviewPage (http://localhost:1420/src/pages/OverviewPage.tsx?t=1785107024075:74:31)
    at div (<anonymous>)
    at main (<anonymous>)
    at div (<anonymous>)
    at div (<anonymous>)
    at Layout (http://localhost:1420/src/components/layout/Layout.tsx:117:26)
    at AppContent (http://localhost:1420/src/App.tsx:42:46)
    at AuthProvider (http://localhost:1420/src/context/AuthContext.tsx:21:32)
    at ThemeProvider (http://localhost:1420/src/theme/ThemeContext.tsx:25:33)
    at ErrorBoundary (http://localhost:1420/src/components/ErrorBoundary.tsx:8:5)
    at App (<anonymous>)
[2026-07-27T00:15:27.115Z] [ERROR] React crash | isHeld is not defined | Stack: ReferenceError: isHeld is not defined
    at http://localhost:1420/src/pages/PositionsPage.tsx?t=1785111326729:599:53
    at Array.map (<anonymous>)
    at PositionsPage (http://localhost:1420/src/pages/PositionsPage.tsx?t=1785111326729:238:121)
    at Object.react_stack_bottom_frame (http://localhost:1420/node_modules/.vite/deps/react-dom_client.js?v=6b77db38:18509:20)
    at renderWithHooks (http://localhost:1420/node_modules/.vite/deps/react-dom_client.js?v=6b77db38:5654:24)
    at updateFunctionComponent (http://localhost:1420/node_modules/.vite/deps/react-dom_client.js?v=6b77db38:7475:21)
    at beginWork (http://localhost:1420/node_modules/.vite/deps/react-dom_client.js?v=6b77db38:8525:20)
    at runWithFiberInDEV (http://localhost:1420/node_modules/.vite/deps/react-dom_client.js?v=6b77db38:997:72)
    at performUnitOfWork (http://localhost:1420/node_modules/.vite/deps/react-dom_client.js?v=6b77db38:12561:98)
    at workLoopSync (http://localhost:1420/node_modules/.vite/deps/react-dom_client.js?v=6b77db38:12424:43) | ComponentStack: 
    at PositionsPage (http://localhost:1420/src/pages/PositionsPage.tsx?t=1785111326729:60:37)
    at div (<anonymous>)
    at main (<anonymous>)
    at div (<anonymous>)
    at div (<anonymous>)
    at Layout (http://localhost:1420/src/components/layout/Layout.tsx?t=1785107487824:129:26)
    at AppContent (http://localhost:1420/src/App.tsx?t=1785110339585:43:46)
    at AuthProvider (http://localhost:1420/src/context/AuthContext.tsx:21:32)
    at ThemeProvider (http://localhost:1420/src/theme/ThemeContext.tsx:25:33)
    at ErrorBoundary (http://localhost:1420/src/components/ErrorBoundary.tsx:8:5)
    at App (<anonymous>)
[2026-07-27T18:26:01.073Z] [ERROR] Unhandled promise rejection | Not Found
[2026-07-27T13:50:54.236702] [ERROR] Unhandled: (sqlite3.OperationalError) no such column: orders.idempotency_key
[SQL: SELECT orders.id AS orders_id, orders.client_order_id AS orders_client_order_id, orders.idempotency_key AS orders_idempotency_key, orders.broker_order_id AS orders_broker_order_id, orders.timestamp AS orders_timestamp, orders.symbol AS orders_symbol, orders.side AS orders_side, orders.order_type AS orders_order_type, orders.quantity AS orders_quantity, orders.filled_quantity AS orders_filled_quantity, orders.price AS orders_price, orders.status AS orders_status, orders.internal_status AS orders_internal_status, orders.signal_id AS orders_signal_id, orders.metadata_json AS orders_metadata_json, orders.created_at AS orders_created_at, orders.updated_at AS orders_updated_at 
FROM orders ORDER BY orders.id DESC
 LIMIT ? OFFSET ?]
[parameters: (50, 0)]
(Background on this error at: https://sqlalche.me/e/20/e3q8) | Path: /api/orders
[2026-07-27T13:55:27.039952] [ERROR] Unhandled: (sqlite3.OperationalError) no such column: orders.idempotency_key
[SQL: SELECT orders.id AS orders_id, orders.client_order_id AS orders_client_order_id, orders.idempotency_key AS orders_idempotency_key, orders.broker_order_id AS orders_broker_order_id, orders.timestamp AS orders_timestamp, orders.symbol AS orders_symbol, orders.side AS orders_side, orders.order_type AS orders_order_type, orders.quantity AS orders_quantity, orders.filled_quantity AS orders_filled_quantity, orders.price AS orders_price, orders.status AS orders_status, orders.internal_status AS orders_internal_status, orders.signal_id AS orders_signal_id, orders.metadata_json AS orders_metadata_json, orders.created_at AS orders_created_at, orders.updated_at AS orders_updated_at 
FROM orders ORDER BY orders.id DESC
 LIMIT ? OFFSET ?]
[parameters: (50, 0)]
(Background on this error at: https://sqlalche.me/e/20/e3q8) | Path: /api/orders
[2026-07-27T18:58:36.875Z] [ERROR] React crash | v.toFixed is not a function | Stack: TypeError: v.toFixed is not a function
    at fmtVol (http://127.0.0.1:53403/src/lib/utils.ts:25:12)
    at http://127.0.0.1:53403/src/pages/BrokerPage.tsx?t=1785178716557:457:220
    at Array.map (<anonymous>)
    at OverviewModule (http://127.0.0.1:53403/src/pages/BrokerPage.tsx?t=1785178716557:430:98)
    at Object.react_stack_bottom_frame (http://127.0.0.1:53403/node_modules/.vite/deps/react-dom_client.js?v=6b77db38:18509:20)
    at renderWithHooks (http://127.0.0.1:53403/node_modules/.vite/deps/react-dom_client.js?v=6b77db38:5654:24)
    at updateFunctionComponent (http://127.0.0.1:53403/node_modules/.vite/deps/react-dom_client.js?v=6b77db38:7475:21)
    at beginWork (http://127.0.0.1:53403/node_modules/.vite/deps/react-dom_client.js?v=6b77db38:8525:20)
    at runWithFiberInDEV (http://127.0.0.1:53403/node_modules/.vite/deps/react-dom_client.js?v=6b77db38:997:72)
    at performUnitOfWork (http://127.0.0.1:53403/node_modules/.vite/deps/react-dom_client.js?v=6b77db38:12561:98) | ComponentStack: 
    at OverviewModule (http://127.0.0.1:53403/src/pages/BrokerPage.tsx?t=1785178716557:247:27)
    at div (<anonymous>)
    at BrokerPage (http://127.0.0.1:53403/src/pages/BrokerPage.tsx?t=1785178716557:78:30)
    at main (<anonymous>)
    at div (<anonymous>)
    at div (<anonymous>)
    at Layout (http://127.0.0.1:53403/src/components/layout/Layout.tsx?t=1785178439908:119:26)
    at BrokerAwareContent (http://127.0.0.1:53403/src/App.tsx?t=1785178439908:95:3)
    at BrokerProvider (http://127.0.0.1:53403/src/context/BrokerContext.tsx:35:34)
    at AppContent (http://127.0.0.1:53403/src/App.tsx?t=1785178439908:47:46)
    at AuthProvider (http://127.0.0.1:53403/src/context/AuthContext.tsx:21:32)
    at ThemeProvider (http://127.0.0.1:53403/src/theme/ThemeContext.tsx:25:33)
    at ErrorBoundary (http://127.0.0.1:53403/src/components/ErrorBoundary.tsx:8:5)
    at App (<anonymous>)
[2026-07-27T13:59:21.695338] [ERROR] Unhandled: (sqlite3.OperationalError) no such column: orders.idempotency_key
[SQL: SELECT orders.id AS orders_id, orders.client_order_id AS orders_client_order_id, orders.idempotency_key AS orders_idempotency_key, orders.broker_order_id AS orders_broker_order_id, orders.timestamp AS orders_timestamp, orders.symbol AS orders_symbol, orders.side AS orders_side, orders.order_type AS orders_order_type, orders.quantity AS orders_quantity, orders.filled_quantity AS orders_filled_quantity, orders.price AS orders_price, orders.status AS orders_status, orders.internal_status AS orders_internal_status, orders.signal_id AS orders_signal_id, orders.metadata_json AS orders_metadata_json, orders.created_at AS orders_created_at, orders.updated_at AS orders_updated_at 
FROM orders ORDER BY orders.id DESC
 LIMIT ? OFFSET ?]
[parameters: (50, 0)]
(Background on this error at: https://sqlalche.me/e/20/e3q8) | Path: /api/orders
[2026-07-27T19:01:31.168Z] [ERROR] React crash | v.toFixed is not a function | Stack: TypeError: v.toFixed is not a function
    at fmtVol (http://127.0.0.1:53403/src/lib/utils.ts:25:12)
    at http://127.0.0.1:53403/src/pages/BrokerPage.tsx?t=1785178716557:457:220
    at Array.map (<anonymous>)
    at OverviewModule (http://127.0.0.1:53403/src/pages/BrokerPage.tsx?t=1785178716557:430:98)
    at Object.react_stack_bottom_frame (http://127.0.0.1:53403/node_modules/.vite/deps/react-dom_client.js?v=6b77db38:18509:20)
    at renderWithHooks (http://127.0.0.1:53403/node_modules/.vite/deps/react-dom_client.js?v=6b77db38:5654:24)
    at updateFunctionComponent (http://127.0.0.1:53403/node_modules/.vite/deps/react-dom_client.js?v=6b77db38:7475:21)
    at beginWork (http://127.0.0.1:53403/node_modules/.vite/deps/react-dom_client.js?v=6b77db38:8525:20)
    at runWithFiberInDEV (http://127.0.0.1:53403/node_modules/.vite/deps/react-dom_client.js?v=6b77db38:997:72)
    at performUnitOfWork (http://127.0.0.1:53403/node_modules/.vite/deps/react-dom_client.js?v=6b77db38:12561:98) | ComponentStack: 
    at OverviewModule (http://127.0.0.1:53403/src/pages/BrokerPage.tsx?t=1785178716557:247:27)
    at div (<anonymous>)
    at BrokerPage (http://127.0.0.1:53403/src/pages/BrokerPage.tsx?t=1785178716557:78:30)
    at main (<anonymous>)
    at div (<anonymous>)
    at div (<anonymous>)
    at Layout (http://127.0.0.1:53403/src/components/layout/Layout.tsx?t=1785178716557:119:26)
    at BrokerAwareContent (http://127.0.0.1:53403/src/App.tsx?t=1785178716557:95:3)
    at BrokerProvider (http://127.0.0.1:53403/src/context/BrokerContext.tsx:35:34)
    at AppContent (http://127.0.0.1:53403/src/App.tsx?t=1785178716557:47:46)
    at AuthProvider (http://127.0.0.1:53403/src/context/AuthContext.tsx:21:32)
    at ThemeProvider (http://127.0.0.1:53403/src/theme/ThemeContext.tsx:25:33)
    at ErrorBoundary (http://127.0.0.1:53403/src/components/ErrorBoundary.tsx:8:5)
    at App (<anonymous>)
[2026-07-27T21:36:17.533Z] [ERROR] Uncaught error | Uncaught  | http://127.0.0.1:53403/:
[2026-07-27T21:36:23.483Z] [ERROR] Uncaught error | Uncaught  | http://127.0.0.1:53403/:
[2026-07-27T21:36:57.269Z] [ERROR] Uncaught error | Uncaught  | http://localhost:1420/:
[2026-07-27T21:37:04.170Z] [ERROR] Uncaught error | Uncaught  | http://localhost:1420/:
[2026-07-28T02:12:29.131Z] [ERROR] React crash | ChevronDown is not defined | Stack: ReferenceError: ChevronDown is not defined
    at http://localhost:1420/src/pages/BrokerPage.tsx?t=1785204747704:1738:49
    at Array.map (<anonymous>)
    at PositionsModule (http://localhost:1420/src/pages/BrokerPage.tsx?t=1785204747704:1597:19)
    at Object.react_stack_bottom_frame (http://localhost:1420/node_modules/.vite/deps/react-dom_client.js?v=3e09b23c:18509:20)
    at renderWithHooks (http://localhost:1420/node_modules/.vite/deps/react-dom_client.js?v=3e09b23c:5654:24)
    at updateFunctionComponent (http://localhost:1420/node_modules/.vite/deps/react-dom_client.js?v=3e09b23c:7475:21)
    at beginWork (http://localhost:1420/node_modules/.vite/deps/react-dom_client.js?v=3e09b23c:8525:20)
    at runWithFiberInDEV (http://localhost:1420/node_modules/.vite/deps/react-dom_client.js?v=3e09b23c:997:72)
    at performUnitOfWork (http://localhost:1420/node_modules/.vite/deps/react-dom_client.js?v=3e09b23c:12561:98)
    at workLoopSync (http://localhost:1420/node_modules/.vite/deps/react-dom_client.js?v=3e09b23c:12424:43) | ComponentStack: 
    at PositionsModule (http://localhost:1420/src/pages/BrokerPage.tsx?t=1785204747704:1513:28)
    at div (<anonymous>)
    at BrokerPage (http://localhost:1420/src/pages/BrokerPage.tsx?t=1785204747704:91:30)
    at main (<anonymous>)
    at div (<anonymous>)
    at div (<anonymous>)
    at Layout (http://localhost:1420/src/components/layout/Layout.tsx?t=1785203579961:119:26)
    at BrokerAwareContent (http://localhost:1420/src/App.tsx?t=1785203579961:95:3)
    at BrokerProvider (http://localhost:1420/src/context/BrokerContext.tsx?t=1785188165710:35:34)
    at AppContent (http://localhost:1420/src/App.tsx?t=1785203579961:47:46)
    at AuthProvider (http://localhost:1420/src/context/AuthContext.tsx?t=1785188165710:21:32)
    at ThemeProvider (http://localhost:1420/src/theme/ThemeContext.tsx:25:33)
    at ErrorBoundary (http://localhost:1420/src/components/ErrorBoundary.tsx:8:5)
    at App (<anonymous>)
[2026-07-28T13:06:02.869Z] [ERROR] React crash | useEffect is not defined | Stack: ReferenceError: useEffect is not defined
    at BrokerAwareContent (http://localhost:1420/src/App.tsx?t=1785243961811:102:3)
    at Object.react_stack_bottom_frame (http://localhost:1420/node_modules/.vite/deps/react-dom_client.js?v=3e09b23c:18509:20)
    at renderWithHooks (http://localhost:1420/node_modules/.vite/deps/react-dom_client.js?v=3e09b23c:5654:24)
    at updateFunctionComponent (http://localhost:1420/node_modules/.vite/deps/react-dom_client.js?v=3e09b23c:7475:21)
    at beginWork (http://localhost:1420/node_modules/.vite/deps/react-dom_client.js?v=3e09b23c:8525:20)
    at runWithFiberInDEV (http://localhost:1420/node_modules/.vite/deps/react-dom_client.js?v=3e09b23c:997:72)
    at performUnitOfWork (http://localhost:1420/node_modules/.vite/deps/react-dom_client.js?v=3e09b23c:12561:98)
    at workLoopSync (http://localhost:1420/node_modules/.vite/deps/react-dom_client.js?v=3e09b23c:12424:43)
    at renderRootSync (http://localhost:1420/node_modules/.vite/deps/react-dom_client.js?v=3e09b23c:12408:13)
    at performWorkOnRoot (http://localhost:1420/node_modules/.vite/deps/react-dom_client.js?v=3e09b23c:11827:37) | ComponentStack: 
    at BrokerAwareContent (http://localhost:1420/src/App.tsx?t=1785243961811:94:3)
    at BrokerProvider (http://localhost:1420/src/context/BrokerContext.tsx?t=1785243925901:35:34)
    at AppContent (http://localhost:1420/src/App.tsx?t=1785243961811:46:46)
    at AuthProvider (http://localhost:1420/src/context/AuthContext.tsx?t=1785243925901:21:32)
    at ThemeProvider (http://localhost:1420/src/theme/ThemeContext.tsx:25:33)
    at ErrorBoundary (http://localhost:1420/src/components/ErrorBoundary.tsx:8:5)
    at App (<anonymous>)
[2026-07-28T19:32:19.356Z] [ERROR] React crash | useAuthContext must be used within AuthProvider | Stack: Error: useAuthContext must be used within AuthProvider
    at useAuthContext (http://localhost:1420/src/context/AuthContext.tsx?t=1785265733807:37:19)
    at AppContent (http://localhost:1420/src/App.tsx?t=1785265733807:48:46)
    at Object.react_stack_bottom_frame (http://localhost:1420/node_modules/.vite/deps/react-dom_client.js?v=3e09b23c:18509:20)
    at renderWithHooks (http://localhost:1420/node_modules/.vite/deps/react-dom_client.js?v=3e09b23c:5654:24)
    at updateFunctionComponent (http://localhost:1420/node_modules/.vite/deps/react-dom_client.js?v=3e09b23c:7475:21)
    at beginWork (http://localhost:1420/node_modules/.vite/deps/react-dom_client.js?v=3e09b23c:8525:20)
    at runWithFiberInDEV (http://localhost:1420/node_modules/.vite/deps/react-dom_client.js?v=3e09b23c:997:72)
    at performUnitOfWork (http://localhost:1420/node_modules/.vite/deps/react-dom_client.js?v=3e09b23c:12561:98)
    at workLoopSync (http://localhost:1420/node_modules/.vite/deps/react-dom_client.js?v=3e09b23c:12424:43)
    at renderRootSync (http://localhost:1420/node_modules/.vite/deps/react-dom_client.js?v=3e09b23c:12408:13) | ComponentStack: 
    at AppContent (http://localhost:1420/src/App.tsx?t=1785265733807:48:46)
    at AuthProvider (http://localhost:1420/src/context/AuthContext.tsx?t=1785267138875:21:32)
    at ThemeProvider (http://localhost:1420/src/theme/ThemeContext.tsx:25:33)
    at ErrorBoundary (http://localhost:1420/src/components/ErrorBoundary.tsx:8:5)
    at App (<anonymous>)
[2026-07-29T12:51:09.797921] [ERROR] Unhandled: (sqlite3.OperationalError) no such column: positions.user_id
[SQL: SELECT positions.id AS positions_id, positions.user_id AS positions_user_id, positions.symbol AS positions_symbol, positions.opened_at AS positions_opened_at, positions.closed_at AS positions_closed_at, positions.side AS positions_side, positions.quantity AS positions_quantity, positions.entry_price AS positions_entry_price, positions.current_price AS positions_current_price, positions.stop_loss AS positions_stop_loss, positions.take_profit AS positions_take_profit, positions.unrealized_pnl AS positions_unrealized_pnl, positions.realized_pnl AS positions_realized_pnl, positions.status AS positions_status, positions.strategy_name AS positions_strategy_name, positions.metadata_json AS positions_metadata_json, positions.created_at AS positions_created_at, positions.updated_at AS positions_updated_at 
FROM positions 
WHERE positions.status = ? AND positions.user_id = ?]
[parameters: ('open', 2)]
(Background on this error at: https://sqlalche.me/e/20/e3q8) | Path: /api/binance/positions
[2026-07-29T12:51:17.250128] [ERROR] Unhandled: (sqlite3.OperationalError) no such column: positions.user_id
[SQL: SELECT positions.id AS positions_id, positions.user_id AS positions_user_id, positions.symbol AS positions_symbol, positions.opened_at AS positions_opened_at, positions.closed_at AS positions_closed_at, positions.side AS positions_side, positions.quantity AS positions_quantity, positions.entry_price AS positions_entry_price, positions.current_price AS positions_current_price, positions.stop_loss AS positions_stop_loss, positions.take_profit AS positions_take_profit, positions.unrealized_pnl AS positions_unrealized_pnl, positions.realized_pnl AS positions_realized_pnl, positions.status AS positions_status, positions.strategy_name AS positions_strategy_name, positions.metadata_json AS positions_metadata_json, positions.created_at AS positions_created_at, positions.updated_at AS positions_updated_at 
FROM positions 
WHERE positions.status = ? AND positions.user_id = ?]
[parameters: ('open', 2)]
(Background on this error at: https://sqlalche.me/e/20/e3q8) | Path: /api/binance/positions
[2026-07-29T12:54:32.258376] [ERROR] Unhandled: (sqlite3.OperationalError) no such column: positions.user_id
[SQL: SELECT positions.id AS positions_id, positions.user_id AS positions_user_id, positions.symbol AS positions_symbol, positions.opened_at AS positions_opened_at, positions.closed_at AS positions_closed_at, positions.side AS positions_side, positions.quantity AS positions_quantity, positions.entry_price AS positions_entry_price, positions.current_price AS positions_current_price, positions.stop_loss AS positions_stop_loss, positions.take_profit AS positions_take_profit, positions.unrealized_pnl AS positions_unrealized_pnl, positions.realized_pnl AS positions_realized_pnl, positions.status AS positions_status, positions.strategy_name AS positions_strategy_name, positions.metadata_json AS positions_metadata_json, positions.created_at AS positions_created_at, positions.updated_at AS positions_updated_at 
FROM positions 
WHERE positions.status = ? AND positions.user_id = ?]
[parameters: ('open', 2)]
(Background on this error at: https://sqlalche.me/e/20/e3q8) | Path: /api/binance/positions
[2026-07-29T13:19:20.894359] [ERROR] Unhandled: (sqlite3.OperationalError) no such column: positions.user_id
[SQL: SELECT positions.id AS positions_id, positions.user_id AS positions_user_id, positions.symbol AS positions_symbol, positions.opened_at AS positions_opened_at, positions.closed_at AS positions_closed_at, positions.side AS positions_side, positions.quantity AS positions_quantity, positions.entry_price AS positions_entry_price, positions.current_price AS positions_current_price, positions.stop_loss AS positions_stop_loss, positions.take_profit AS positions_take_profit, positions.unrealized_pnl AS positions_unrealized_pnl, positions.realized_pnl AS positions_realized_pnl, positions.status AS positions_status, positions.strategy_name AS positions_strategy_name, positions.metadata_json AS positions_metadata_json, positions.created_at AS positions_created_at, positions.updated_at AS positions_updated_at 
FROM positions 
WHERE positions.status = ? AND positions.user_id = ?]
[parameters: ('open', 1)]
(Background on this error at: https://sqlalche.me/e/20/e3q8) | Path: /api/binance/positions
[2026-07-29T13:19:47.653676] [ERROR] Unhandled: (sqlite3.OperationalError) no such column: positions.user_id
[SQL: SELECT positions.id AS positions_id, positions.user_id AS positions_user_id, positions.symbol AS positions_symbol, positions.opened_at AS positions_opened_at, positions.closed_at AS positions_closed_at, positions.side AS positions_side, positions.quantity AS positions_quantity, positions.entry_price AS positions_entry_price, positions.current_price AS positions_current_price, positions.stop_loss AS positions_stop_loss, positions.take_profit AS positions_take_profit, positions.unrealized_pnl AS positions_unrealized_pnl, positions.realized_pnl AS positions_realized_pnl, positions.status AS positions_status, positions.strategy_name AS positions_strategy_name, positions.metadata_json AS positions_metadata_json, positions.created_at AS positions_created_at, positions.updated_at AS positions_updated_at 
FROM positions 
WHERE positions.status = ? AND positions.user_id = ?]
[parameters: ('open', 1)]
(Background on this error at: https://sqlalche.me/e/20/e3q8) | Path: /api/binance/positions
[2026-07-29T13:19:58.566213] [ERROR] Unhandled: (sqlite3.OperationalError) no such column: positions.user_id
[SQL: SELECT positions.id AS positions_id, positions.user_id AS positions_user_id, positions.symbol AS positions_symbol, positions.opened_at AS positions_opened_at, positions.closed_at AS positions_closed_at, positions.side AS positions_side, positions.quantity AS positions_quantity, positions.entry_price AS positions_entry_price, positions.current_price AS positions_current_price, positions.stop_loss AS positions_stop_loss, positions.take_profit AS positions_take_profit, positions.unrealized_pnl AS positions_unrealized_pnl, positions.realized_pnl AS positions_realized_pnl, positions.status AS positions_status, positions.strategy_name AS positions_strategy_name, positions.metadata_json AS positions_metadata_json, positions.created_at AS positions_created_at, positions.updated_at AS positions_updated_at 
FROM positions 
WHERE positions.status = ? AND positions.user_id = ?]
[parameters: ('open', 1)]
(Background on this error at: https://sqlalche.me/e/20/e3q8) | Path: /api/binance/positions
[2026-07-29T13:20:18.458775] [ERROR] Unhandled: (sqlite3.OperationalError) no such column: positions.user_id
[SQL: SELECT positions.id AS positions_id, positions.user_id AS positions_user_id, positions.symbol AS positions_symbol, positions.opened_at AS positions_opened_at, positions.closed_at AS positions_closed_at, positions.side AS positions_side, positions.quantity AS positions_quantity, positions.entry_price AS positions_entry_price, positions.current_price AS positions_current_price, positions.stop_loss AS positions_stop_loss, positions.take_profit AS positions_take_profit, positions.unrealized_pnl AS positions_unrealized_pnl, positions.realized_pnl AS positions_realized_pnl, positions.status AS positions_status, positions.strategy_name AS positions_strategy_name, positions.metadata_json AS positions_metadata_json, positions.created_at AS positions_created_at, positions.updated_at AS positions_updated_at 
FROM positions 
WHERE positions.status = ? AND positions.user_id = ?]
[parameters: ('open', 1)]
(Background on this error at: https://sqlalche.me/e/20/e3q8) | Path: /api/binance/positions
[2026-07-29T13:20:21.613722] [ERROR] Unhandled: (sqlite3.OperationalError) no such column: positions.user_id
[SQL: SELECT positions.id AS positions_id, positions.user_id AS positions_user_id, positions.symbol AS positions_symbol, positions.opened_at AS positions_opened_at, positions.closed_at AS positions_closed_at, positions.side AS positions_side, positions.quantity AS positions_quantity, positions.entry_price AS positions_entry_price, positions.current_price AS positions_current_price, positions.stop_loss AS positions_stop_loss, positions.take_profit AS positions_take_profit, positions.unrealized_pnl AS positions_unrealized_pnl, positions.realized_pnl AS positions_realized_pnl, positions.status AS positions_status, positions.strategy_name AS positions_strategy_name, positions.metadata_json AS positions_metadata_json, positions.created_at AS positions_created_at, positions.updated_at AS positions_updated_at 
FROM positions 
WHERE positions.status = ? AND positions.user_id = ?]
[parameters: ('open', 1)]
(Background on this error at: https://sqlalche.me/e/20/e3q8) | Path: /api/binance/positions
[2026-07-29T13:21:23.107905] [ERROR] Unhandled: (sqlite3.OperationalError) no such column: positions.user_id
[SQL: SELECT positions.id AS positions_id, positions.user_id AS positions_user_id, positions.symbol AS positions_symbol, positions.opened_at AS positions_opened_at, positions.closed_at AS positions_closed_at, positions.side AS positions_side, positions.quantity AS positions_quantity, positions.entry_price AS positions_entry_price, positions.current_price AS positions_current_price, positions.stop_loss AS positions_stop_loss, positions.take_profit AS positions_take_profit, positions.unrealized_pnl AS positions_unrealized_pnl, positions.realized_pnl AS positions_realized_pnl, positions.status AS positions_status, positions.strategy_name AS positions_strategy_name, positions.metadata_json AS positions_metadata_json, positions.created_at AS positions_created_at, positions.updated_at AS positions_updated_at 
FROM positions 
WHERE positions.status = ? AND positions.user_id = ?]
[parameters: ('open', 1)]
(Background on this error at: https://sqlalche.me/e/20/e3q8) | Path: /api/binance/positions
[2026-07-29T13:22:02.627718] [ERROR] Unhandled: (sqlite3.OperationalError) no such column: positions.user_id
[SQL: SELECT positions.id AS positions_id, positions.user_id AS positions_user_id, positions.symbol AS positions_symbol, positions.opened_at AS positions_opened_at, positions.closed_at AS positions_closed_at, positions.side AS positions_side, positions.quantity AS positions_quantity, positions.entry_price AS positions_entry_price, positions.current_price AS positions_current_price, positions.stop_loss AS positions_stop_loss, positions.take_profit AS positions_take_profit, positions.unrealized_pnl AS positions_unrealized_pnl, positions.realized_pnl AS positions_realized_pnl, positions.status AS positions_status, positions.strategy_name AS positions_strategy_name, positions.metadata_json AS positions_metadata_json, positions.created_at AS positions_created_at, positions.updated_at AS positions_updated_at 
FROM positions 
WHERE positions.status = ? AND positions.user_id = ?]
[parameters: ('open', 1)]
(Background on this error at: https://sqlalche.me/e/20/e3q8) | Path: /api/binance/positions
[2026-07-29T13:22:05.652890] [ERROR] Unhandled: (sqlite3.OperationalError) no such column: positions.user_id
[SQL: SELECT positions.id AS positions_id, positions.user_id AS positions_user_id, positions.symbol AS positions_symbol, positions.opened_at AS positions_opened_at, positions.closed_at AS positions_closed_at, positions.side AS positions_side, positions.quantity AS positions_quantity, positions.entry_price AS positions_entry_price, positions.current_price AS positions_current_price, positions.stop_loss AS positions_stop_loss, positions.take_profit AS positions_take_profit, positions.unrealized_pnl AS positions_unrealized_pnl, positions.realized_pnl AS positions_realized_pnl, positions.status AS positions_status, positions.strategy_name AS positions_strategy_name, positions.metadata_json AS positions_metadata_json, positions.created_at AS positions_created_at, positions.updated_at AS positions_updated_at 
FROM positions 
WHERE positions.status = ? AND positions.user_id = ?]
[parameters: ('open', 1)]
(Background on this error at: https://sqlalche.me/e/20/e3q8) | Path: /api/binance/positions
[2026-07-29T13:22:11.915819] [ERROR] Unhandled: (sqlite3.OperationalError) no such column: positions.user_id
[SQL: SELECT positions.id AS positions_id, positions.user_id AS positions_user_id, positions.symbol AS positions_symbol, positions.opened_at AS positions_opened_at, positions.closed_at AS positions_closed_at, positions.side AS positions_side, positions.quantity AS positions_quantity, positions.entry_price AS positions_entry_price, positions.current_price AS positions_current_price, positions.stop_loss AS positions_stop_loss, positions.take_profit AS positions_take_profit, positions.unrealized_pnl AS positions_unrealized_pnl, positions.realized_pnl AS positions_realized_pnl, positions.status AS positions_status, positions.strategy_name AS positions_strategy_name, positions.metadata_json AS positions_metadata_json, positions.created_at AS positions_created_at, positions.updated_at AS positions_updated_at 
FROM positions 
WHERE positions.status = ? AND positions.user_id = ?]
[parameters: ('open', 1)]
(Background on this error at: https://sqlalche.me/e/20/e3q8) | Path: /api/binance/positions
[2026-07-29T13:22:57.513407] [ERROR] Unhandled: (sqlite3.OperationalError) no such column: positions.user_id
[SQL: SELECT positions.id AS positions_id, positions.user_id AS positions_user_id, positions.symbol AS positions_symbol, positions.opened_at AS positions_opened_at, positions.closed_at AS positions_closed_at, positions.side AS positions_side, positions.quantity AS positions_quantity, positions.entry_price AS positions_entry_price, positions.current_price AS positions_current_price, positions.stop_loss AS positions_stop_loss, positions.take_profit AS positions_take_profit, positions.unrealized_pnl AS positions_unrealized_pnl, positions.realized_pnl AS positions_realized_pnl, positions.status AS positions_status, positions.strategy_name AS positions_strategy_name, positions.metadata_json AS positions_metadata_json, positions.created_at AS positions_created_at, positions.updated_at AS positions_updated_at 
FROM positions 
WHERE positions.status = ? AND positions.user_id = ?]
[parameters: ('open', 1)]
(Background on this error at: https://sqlalche.me/e/20/e3q8) | Path: /api/binance/positions
[2026-07-29T13:23:57.315015] [ERROR] Unhandled: (sqlite3.OperationalError) no such column: positions.user_id
[SQL: SELECT positions.id AS positions_id, positions.user_id AS positions_user_id, positions.symbol AS positions_symbol, positions.opened_at AS positions_opened_at, positions.closed_at AS positions_closed_at, positions.side AS positions_side, positions.quantity AS positions_quantity, positions.entry_price AS positions_entry_price, positions.current_price AS positions_current_price, positions.stop_loss AS positions_stop_loss, positions.take_profit AS positions_take_profit, positions.unrealized_pnl AS positions_unrealized_pnl, positions.realized_pnl AS positions_realized_pnl, positions.status AS positions_status, positions.strategy_name AS positions_strategy_name, positions.metadata_json AS positions_metadata_json, positions.created_at AS positions_created_at, positions.updated_at AS positions_updated_at 
FROM positions 
WHERE positions.status = ? AND positions.user_id = ?]
[parameters: ('open', 1)]
(Background on this error at: https://sqlalche.me/e/20/e3q8) | Path: /api/binance/positions
[2026-07-29T13:24:00.670725] [ERROR] Unhandled: (sqlite3.OperationalError) no such column: positions.user_id
[SQL: SELECT positions.id AS positions_id, positions.user_id AS positions_user_id, positions.symbol AS positions_symbol, positions.opened_at AS positions_opened_at, positions.closed_at AS positions_closed_at, positions.side AS positions_side, positions.quantity AS positions_quantity, positions.entry_price AS positions_entry_price, positions.current_price AS positions_current_price, positions.stop_loss AS positions_stop_loss, positions.take_profit AS positions_take_profit, positions.unrealized_pnl AS positions_unrealized_pnl, positions.realized_pnl AS positions_realized_pnl, positions.status AS positions_status, positions.strategy_name AS positions_strategy_name, positions.metadata_json AS positions_metadata_json, positions.created_at AS positions_created_at, positions.updated_at AS positions_updated_at 
FROM positions 
WHERE positions.status = ? AND positions.user_id = ?]
[parameters: ('open', 1)]
(Background on this error at: https://sqlalche.me/e/20/e3q8) | Path: /api/binance/positions
[2026-07-29T13:27:21.232193] [ERROR] Unhandled: (sqlite3.OperationalError) no such column: positions.user_id
[SQL: SELECT positions.id AS positions_id, positions.user_id AS positions_user_id, positions.symbol AS positions_symbol, positions.opened_at AS positions_opened_at, positions.closed_at AS positions_closed_at, positions.side AS positions_side, positions.quantity AS positions_quantity, positions.entry_price AS positions_entry_price, positions.current_price AS positions_current_price, positions.stop_loss AS positions_stop_loss, positions.take_profit AS positions_take_profit, positions.unrealized_pnl AS positions_unrealized_pnl, positions.realized_pnl AS positions_realized_pnl, positions.status AS positions_status, positions.strategy_name AS positions_strategy_name, positions.metadata_json AS positions_metadata_json, positions.created_at AS positions_created_at, positions.updated_at AS positions_updated_at 
FROM positions 
WHERE positions.status = ? AND positions.user_id = ?]
[parameters: ('open', 1)]
(Background on this error at: https://sqlalche.me/e/20/e3q8) | Path: /api/binance/positions
[2026-07-29T13:27:46.245281] [ERROR] Unhandled: (sqlite3.OperationalError) no such column: positions.user_id
[SQL: SELECT positions.id AS positions_id, positions.user_id AS positions_user_id, positions.symbol AS positions_symbol, positions.opened_at AS positions_opened_at, positions.closed_at AS positions_closed_at, positions.side AS positions_side, positions.quantity AS positions_quantity, positions.entry_price AS positions_entry_price, positions.current_price AS positions_current_price, positions.stop_loss AS positions_stop_loss, positions.take_profit AS positions_take_profit, positions.unrealized_pnl AS positions_unrealized_pnl, positions.realized_pnl AS positions_realized_pnl, positions.status AS positions_status, positions.strategy_name AS positions_strategy_name, positions.metadata_json AS positions_metadata_json, positions.created_at AS positions_created_at, positions.updated_at AS positions_updated_at 
FROM positions 
WHERE positions.status = ? AND positions.user_id = ?]
[parameters: ('open', 1)]
(Background on this error at: https://sqlalche.me/e/20/e3q8) | Path: /api/binance/positions
[2026-07-29T13:27:53.180134] [ERROR] Unhandled: (sqlite3.OperationalError) no such column: positions.user_id
[SQL: SELECT positions.id AS positions_id, positions.user_id AS positions_user_id, positions.symbol AS positions_symbol, positions.opened_at AS positions_opened_at, positions.closed_at AS positions_closed_at, positions.side AS positions_side, positions.quantity AS positions_quantity, positions.entry_price AS positions_entry_price, positions.current_price AS positions_current_price, positions.stop_loss AS positions_stop_loss, positions.take_profit AS positions_take_profit, positions.unrealized_pnl AS positions_unrealized_pnl, positions.realized_pnl AS positions_realized_pnl, positions.status AS positions_status, positions.strategy_name AS positions_strategy_name, positions.metadata_json AS positions_metadata_json, positions.created_at AS positions_created_at, positions.updated_at AS positions_updated_at 
FROM positions 
WHERE positions.status = ? AND positions.user_id = ?]
[parameters: ('open', 1)]
(Background on this error at: https://sqlalche.me/e/20/e3q8) | Path: /api/binance/positions
[2026-07-29T13:28:01.580049] [ERROR] Unhandled: (sqlite3.OperationalError) no such column: positions.user_id
[SQL: SELECT positions.id AS positions_id, positions.user_id AS positions_user_id, positions.symbol AS positions_symbol, positions.opened_at AS positions_opened_at, positions.closed_at AS positions_closed_at, positions.side AS positions_side, positions.quantity AS positions_quantity, positions.entry_price AS positions_entry_price, positions.current_price AS positions_current_price, positions.stop_loss AS positions_stop_loss, positions.take_profit AS positions_take_profit, positions.unrealized_pnl AS positions_unrealized_pnl, positions.realized_pnl AS positions_realized_pnl, positions.status AS positions_status, positions.strategy_name AS positions_strategy_name, positions.metadata_json AS positions_metadata_json, positions.created_at AS positions_created_at, positions.updated_at AS positions_updated_at 
FROM positions 
WHERE positions.status = ? AND positions.user_id = ?]
[parameters: ('open', 1)]
(Background on this error at: https://sqlalche.me/e/20/e3q8) | Path: /api/binance/positions
[2026-07-29T22:09:50.955Z] [ERROR] React crash | loadBrokers is not defined | Stack: ReferenceError: loadBrokers is not defined
    at AIAgentPage (http://localhost:1420/src/pages/AIAgentPage.tsx?t=1785362990630:122:49)
    at Object.react_stack_bottom_frame (http://localhost:1420/node_modules/.vite/deps/react-dom_client.js?v=3e09b23c:18509:20)
    at renderWithHooks (http://localhost:1420/node_modules/.vite/deps/react-dom_client.js?v=3e09b23c:5654:24)
    at updateFunctionComponent (http://localhost:1420/node_modules/.vite/deps/react-dom_client.js?v=3e09b23c:7475:21)
    at beginWork (http://localhost:1420/node_modules/.vite/deps/react-dom_client.js?v=3e09b23c:8525:20)
    at runWithFiberInDEV (http://localhost:1420/node_modules/.vite/deps/react-dom_client.js?v=3e09b23c:997:72)
    at performUnitOfWork (http://localhost:1420/node_modules/.vite/deps/react-dom_client.js?v=3e09b23c:12561:98)
    at workLoopSync (http://localhost:1420/node_modules/.vite/deps/react-dom_client.js?v=3e09b23c:12424:43)
    at renderRootSync (http://localhost:1420/node_modules/.vite/deps/react-dom_client.js?v=3e09b23c:12408:13)
    at performWorkOnRoot (http://localhost:1420/node_modules/.vite/deps/react-dom_client.js?v=3e09b23c:11827:37) | ComponentStack: 
    at AIAgentPage (http://localhost:1420/src/pages/AIAgentPage.tsx?t=1785362990630:66:31)
    at Suspense (<anonymous>)
    at div (<anonymous>)
    at main (<anonymous>)
    at div (<anonymous>)
    at div (<anonymous>)
    at Layout (http://localhost:1420/src/components/layout/Layout.tsx:128:26)
    at BrokerAwareContent (http://localhost:1420/src/App.tsx?t=1785362241849:109:3)
    at BrokerProvider (http://localhost:1420/src/context/BrokerContext.tsx:35:34)
    at AppContent (http://localhost:1420/src/App.tsx?t=1785362241849:58:46)
    at AuthProvider (http://localhost:1420/src/context/AuthContext.tsx:21:32)
    at ThemeProvider (http://localhost:1420/src/theme/ThemeContext.tsx:25:33)
    at ErrorBoundary (http://localhost:1420/src/components/ErrorBoundary.tsx:8:5)
    at App (<anonymous>)
[2026-07-29T22:18:22.953Z] [ERROR] React crash | brokers is not defined | Stack: ReferenceError: brokers is not defined
    at AIAgentPage (http://localhost:1420/src/pages/AIAgentPage.tsx?t=1785363501896:453:86)
    at Object.react_stack_bottom_frame (http://localhost:1420/node_modules/.vite/deps/react-dom_client.js?v=3e09b23c:18509:20)
    at renderWithHooks (http://localhost:1420/node_modules/.vite/deps/react-dom_client.js?v=3e09b23c:5654:24)
    at updateFunctionComponent (http://localhost:1420/node_modules/.vite/deps/react-dom_client.js?v=3e09b23c:7475:21)
    at beginWork (http://localhost:1420/node_modules/.vite/deps/react-dom_client.js?v=3e09b23c:8525:20)
    at runWithFiberInDEV (http://localhost:1420/node_modules/.vite/deps/react-dom_client.js?v=3e09b23c:997:72)
    at performUnitOfWork (http://localhost:1420/node_modules/.vite/deps/react-dom_client.js?v=3e09b23c:12561:98)
    at workLoopSync (http://localhost:1420/node_modules/.vite/deps/react-dom_client.js?v=3e09b23c:12424:43)
    at renderRootSync (http://localhost:1420/node_modules/.vite/deps/react-dom_client.js?v=3e09b23c:12408:13)
    at performWorkOnRoot (http://localhost:1420/node_modules/.vite/deps/react-dom_client.js?v=3e09b23c:11827:37) | ComponentStack: 
    at AIAgentPage (http://localhost:1420/src/pages/AIAgentPage.tsx?t=1785363501896:66:31)
    at Suspense (<anonymous>)
    at div (<anonymous>)
    at main (<anonymous>)
    at div (<anonymous>)
    at div (<anonymous>)
    at Layout (http://localhost:1420/src/components/layout/Layout.tsx:128:26)
    at BrokerAwareContent (http://localhost:1420/src/App.tsx?t=1785362997719:109:3)
    at BrokerProvider (http://localhost:1420/src/context/BrokerContext.tsx:35:34)
    at AppContent (http://localhost:1420/src/App.tsx?t=1785362997719:58:46)
    at AuthProvider (http://localhost:1420/src/context/AuthContext.tsx:21:32)
    at ThemeProvider (http://localhost:1420/src/theme/ThemeContext.tsx:25:33)
    at ErrorBoundary (http://localhost:1420/src/components/ErrorBoundary.tsx:8:5)
    at App (<anonymous>)
[2026-07-29T19:41:31.002129] [ERROR] Unhandled: name 'resolve_binance_keys' is not defined | Path: /api/trading-mode
[2026-07-29T19:42:49.802998] [ERROR] Unhandled: name 'resolve_binance_keys' is not defined | Path: /api/trading-mode
[2026-07-29T20:16:20.404723] [ERROR] Unhandled: name 'resolve_binance_keys' is not defined | Path: /api/trading-mode
[2026-07-29T22:09:08.258634] [ERROR] Unhandled: name 'resolve_binance_keys' is not defined | Path: /api/trading-mode
[2026-07-29T22:10:51.604064] [ERROR] Unhandled: name 'resolve_binance_keys' is not defined | Path: /api/trading-mode
[2026-07-29T22:12:06.479205] [ERROR] Unhandled: name 'resolve_binance_keys' is not defined | Path: /api/trading-mode
[2026-07-29T22:16:00.507760] [ERROR] Unhandled: name 'resolve_binance_keys' is not defined | Path: /api/trading-mode
[2026-07-30T06:58:42.732898] [ERROR] Unhandled: name 'resolve_binance_keys' is not defined | Path: /api/trading-mode
[2026-07-30T10:15:32.409402] [ERROR] Unhandled: name 'resolve_binance_keys' is not defined | Path: /api/trading-mode
[2026-07-30T10:26:18.950988] [ERROR] Unhandled: name 'resolve_binance_keys' is not defined | Path: /api/trading-mode
[2026-07-30T10:26:21.798488] [ERROR] Unhandled: name 'resolve_binance_keys' is not defined | Path: /api/trading-mode
[2026-07-30T10:26:24.150487] [ERROR] Unhandled: name 'resolve_binance_keys' is not defined | Path: /api/trading-mode
[2026-07-30T10:46:26.618130] [ERROR] Unhandled: name 'resolve_binance_keys' is not defined | Path: /api/trading-mode
[2026-07-30T10:47:06.267249] [ERROR] Unhandled: name 'resolve_binance_keys' is not defined | Path: /api/trading-mode
[2026-07-30T10:52:00.596266] [ERROR] Unhandled: name 'resolve_binance_keys' is not defined | Path: /api/trading-mode
[2026-07-30T10:52:15.640095] [ERROR] Unhandled: name 'resolve_binance_keys' is not defined | Path: /api/trading-mode
[2026-07-30T10:52:40.351892] [ERROR] Unhandled: name 'resolve_binance_keys' is not defined | Path: /api/trading-mode
[2026-07-30T11:02:41.862789] [ERROR] Unhandled: name 'resolve_binance_keys' is not defined | Path: /api/trading-mode
[2026-07-30T11:03:10.345570] [ERROR] Unhandled: name 'resolve_binance_keys' is not defined | Path: /api/trading-mode
[2026-07-30T11:12:48.900614] [ERROR] Unhandled: name 'resolve_binance_keys' is not defined | Path: /api/trading-mode
[2026-07-30T11:15:12.820924] [ERROR] Unhandled: name 'resolve_binance_keys' is not defined | Path: /api/trading-mode
[2026-07-30T13:15:10.987971] [ERROR] Unhandled: name 'resolve_binance_keys' is not defined | Path: /api/trading-mode
[2026-07-30T13:15:21.997288] [ERROR] Unhandled: name 'resolve_binance_keys' is not defined | Path: /api/trading-mode
[2026-07-30T13:15:57.317475] [ERROR] Unhandled: name 'resolve_binance_keys' is not defined | Path: /api/trading-mode
[2026-07-30T17:05:55.022999] [ERROR] Unhandled: name 'resolve_binance_keys' is not defined | Path: /api/trading-mode
[2026-07-30T17:13:54.583371] [ERROR] Unhandled: name 'resolve_binance_keys' is not defined | Path: /api/trading-mode
[2026-07-30T17:14:11.011328] [ERROR] Unhandled: name 'resolve_binance_keys' is not defined | Path: /api/trading-mode
[2026-07-30T17:15:51.505387] [ERROR] Unhandled: name 'resolve_binance_keys' is not defined | Path: /api/trading-mode
[2026-07-30T17:27:39.141704] [ERROR] Unhandled: name 'resolve_binance_keys' is not defined | Path: /api/trading-mode
[2026-07-30T17:27:54.475412] [ERROR] Unhandled: name 'resolve_binance_keys' is not defined | Path: /api/trading-mode
[2026-07-30T22:51:53.500Z] [ERROR] React crash | useCallback is not defined | Stack: ReferenceError: useCallback is not defined
    at PriceChart (http://localhost:1420/src/components/charts/PriceChart.tsx?t=1785451912285:155:26)
    at Object.react_stack_bottom_frame (http://localhost:1420/node_modules/.vite/deps/react-dom_client.js?v=01640ccd:18509:20)
    at renderWithHooks (http://localhost:1420/node_modules/.vite/deps/react-dom_client.js?v=01640ccd:5654:24)
    at updateFunctionComponent (http://localhost:1420/node_modules/.vite/deps/react-dom_client.js?v=01640ccd:7475:21)
    at beginWork (http://localhost:1420/node_modules/.vite/deps/react-dom_client.js?v=01640ccd:8525:20)
    at runWithFiberInDEV (http://localhost:1420/node_modules/.vite/deps/react-dom_client.js?v=01640ccd:997:72)
    at performUnitOfWork (http://localhost:1420/node_modules/.vite/deps/react-dom_client.js?v=01640ccd:12561:98)
    at workLoopSync (http://localhost:1420/node_modules/.vite/deps/react-dom_client.js?v=01640ccd:12424:43)
    at renderRootSync (http://localhost:1420/node_modules/.vite/deps/react-dom_client.js?v=01640ccd:12408:13)
    at performWorkOnRoot (http://localhost:1420/node_modules/.vite/deps/react-dom_client.js?v=01640ccd:11827:37) | ComponentStack: 
    at PriceChart (http://localhost:1420/src/components/charts/PriceChart.tsx?t=1785451912285:29:30)
    at div (<anonymous>)
    at div (<anonymous>)
    at div (<anonymous>)
    at PositionsModule (http://localhost:1420/src/pages/BrokerPage.tsx?t=1785451636008:2160:39)
    at div (<anonymous>)
    at BrokerPage (http://localhost:1420/src/pages/BrokerPage.tsx?t=1785451636008:93:30)
    at main (<anonymous>)
    at div (<anonymous>)
    at div (<anonymous>)
    at Layout (http://localhost:1420/src/components/layout/Layout.tsx?t=1785451636008:128:26)
    at BrokerAwareContent (http://localhost:1420/src/App.tsx?t=1785451636008:109:3)
    at BrokerProvider (http://localhost:1420/src/context/BrokerContext.tsx?t=1785449969232:35:34)
    at AppContent (http://localhost:1420/src/App.tsx?t=1785451636008:58:46)
    at AuthProvider (http://localhost:1420/src/context/AuthContext.tsx?t=1785449969232:21:32)
    at ThemeProvider (http://localhost:1420/src/theme/ThemeContext.tsx:25:33)
    at ErrorBoundary (http://localhost:1420/src/components/ErrorBoundary.tsx:8:5)
    at App (<anonymous>)
[2026-07-30T18:18:48.354535] [ERROR] Unhandled: name 'resolve_binance_keys' is not defined | Path: /api/trading-mode
[2026-07-30T18:19:08.444064] [ERROR] Unhandled: name 'resolve_binance_keys' is not defined | Path: /api/trading-mode
[2026-07-30T18:21:15.167497] [ERROR] Unhandled: name 'resolve_binance_keys' is not defined | Path: /api/trading-mode
[2026-07-30T18:22:20.981909] [ERROR] Unhandled: name 'resolve_binance_keys' is not defined | Path: /api/trading-mode
[2026-07-30T18:22:43.952868] [ERROR] Unhandled: name 'resolve_binance_keys' is not defined | Path: /api/trading-mode
[2026-07-30T18:23:17.067329] [ERROR] Unhandled: name 'resolve_binance_keys' is not defined | Path: /api/trading-mode
[2026-07-30T18:29:54.991998] [ERROR] Unhandled: name 'resolve_binance_keys' is not defined | Path: /api/trading-mode
[2026-07-30T18:31:36.439058] [ERROR] Unhandled: name 'resolve_binance_keys' is not defined | Path: /api/trading-mode
[2026-07-30T21:26:38.878878] [ERROR] Unhandled: name 'resolve_binance_keys' is not defined | Path: /api/trading-mode
